node_modules/@vitejs/plugin-react/dist/index.d.ts(75,113): error TS1003: Identifier expected.
node_modules/@vitejs/plugin-react/dist/index.d.ts(75,130): error TS1128: Declaration or statement expected.
