contexts/PlannerContext.test.tsx(58,27): error TS2741: Property 'updateLocalProfile' is missing in type '{ firebaseUser: User; user: null; isLoading: boolean; isAuthenticated: boolean; login: Mock<Procedure>; logout: Mock<Procedure>; register: Mock<Procedure>; updateProfile: Mock<...>; resendVerificationEmail: Mock<...>; resetPassword: Mock<...>; }' but required in type 'AuthContextType'.
views/SystemAdminView.tsx(89,64): error TS7006: Parameter 'c' implicitly has an 'any' type.
views/SystemAdminView.tsx(90,64): error TS7006: Parameter 'c' implicitly has an 'any' type.
