firebaseConfig.ts(7,11): error TS1343: The 'import.meta' meta-property is only allowed when the '--module' option is 'es2020', 'es2022', 'esnext', 'system', 'node16', or 'nodenext'.
firebaseConfig.ts(7,23): error TS2339: Property 'env' does not exist on type 'ImportMeta'.
firebaseConfig.ts(8,15): error TS1343: The 'import.meta' meta-property is only allowed when the '--module' option is 'es2020', 'es2022', 'esnext', 'system', 'node16', or 'nodenext'.
firebaseConfig.ts(8,27): error TS2339: Property 'env' does not exist on type 'ImportMeta'.
firebaseConfig.ts(9,14): error TS1343: The 'import.meta' meta-property is only allowed when the '--module' option is 'es2020', 'es2022', 'esnext', 'system', 'node16', or 'nodenext'.
firebaseConfig.ts(9,26): error TS2339: Property 'env' does not exist on type 'ImportMeta'.
firebaseConfig.ts(10,18): error TS1343: The 'import.meta' meta-property is only allowed when the '--module' option is 'es2020', 'es2022', 'esnext', 'system', 'node16', or 'nodenext'.
firebaseConfig.ts(10,30): error TS2339: Property 'env' does not exist on type 'ImportMeta'.
firebaseConfig.ts(11,22): error TS1343: The 'import.meta' meta-property is only allowed when the '--module' option is 'es2020', 'es2022', 'esnext', 'system', 'node16', or 'nodenext'.
firebaseConfig.ts(11,34): error TS2339: Property 'env' does not exist on type 'ImportMeta'.
firebaseConfig.ts(12,10): error TS1343: The 'import.meta' meta-property is only allowed when the '--module' option is 'es2020', 'es2022', 'esnext', 'system', 'node16', or 'nodenext'.
firebaseConfig.ts(12,22): error TS2339: Property 'env' does not exist on type 'ImportMeta'.
hooks/useCurriculum.ts(2,8): error TS1259: Module '"C:/Users/pc4all/Downloads/math-curriculum-ai-navigator/node_modules/@types/react/index"' can only be default-imported using the 'esModuleInterop' flag
hooks/useCurriculum.ts(6,33): error TS6142: Module '../contexts/NotificationContext' was resolved to 'C:/Users/pc4all/Downloads/math-curriculum-ai-navigator/contexts/NotificationContext.tsx', but '--jsx' is not set.
hooks/useGeneratorActions.ts(5,29): error TS6142: Module '../i18n/LanguageContext' was resolved to 'C:/Users/pc4all/Downloads/math-curriculum-ai-navigator/i18n/LanguageContext.tsx', but '--jsx' is not set.
hooks/useGeneratorActions.ts(173,15): error TS2525: Initializer provides no value for this binding element and the binding element has no default value.
hooks/useGeneratorActions.ts(173,28): error TS2525: Initializer provides no value for this binding element and the binding element has no default value.
services/firestoreService.classroom.ts(7,72): error TS2304: Cannot find name 'StudentGroup'.
services/firestoreService.classroom.ts(13,63): error TS2304: Cannot find name 'StudentGroup'.
services/firestoreService.classroom.ts(39,65): error TS2304: Cannot find name 'SchoolClass'.
services/firestoreService.classroom.ts(43,63): error TS2304: Cannot find name 'SchoolClass'.
services/firestoreService.classroom.ts(50,45): error TS2304: Cannot find name 'SchoolClass'.
services/firestoreService.classroom.ts(58,74): error TS2304: Cannot find name 'SchoolClass'.
services/firestoreService.classroom.ts(75,85): error TS2304: Cannot find name 'Announcement'.
services/firestoreService.classroom.ts(84,63): error TS2304: Cannot find name 'Announcement'.
services/firestoreService.live.ts(37,71): error TS2304: Cannot find name 'LiveSession'.
services/firestoreService.live.ts(43,43): error TS2304: Cannot find name 'LiveSession'.
services/firestoreService.live.ts(66,77): error TS2304: Cannot find name 'LiveSession'.
services/firestoreService.live.ts(69,68): error TS2304: Cannot find name 'LiveSession'.
services/firestoreService.materials.ts(52,76): error TS2304: Cannot find name 'CachedMaterial'.
services/firestoreService.materials.ts(63,14): error TS2304: Cannot find name 'CachedMaterial'.
services/firestoreService.materials.ts(70,76): error TS2304: Cannot find name 'CachedMaterial'.
services/firestoreService.materials.ts(85,14): error TS2304: Cannot find name 'CachedMaterial'.
services/firestoreService.materials.ts(307,11): error TS2304: Cannot find name 'CachedMaterial'.
services/firestoreService.materials.ts(327,74): error TS2304: Cannot find name 'CachedMaterial'.
services/firestoreService.materials.ts(331,63): error TS2304: Cannot find name 'CachedMaterial'.
services/firestoreService.materials.ts(338,62): error TS2304: Cannot find name 'CachedMaterial'.
services/firestoreService.materials.ts(347,63): error TS2304: Cannot find name 'CachedMaterial'.
services/firestoreService.materials.ts(374,46): error TS2304: Cannot find name 'Assignment'.
services/firestoreService.materials.ts(379,78): error TS2304: Cannot find name 'Assignment'.
services/firestoreService.materials.ts(383,63): error TS2304: Cannot find name 'Assignment'.
services/firestoreService.materials.ts(390,79): error TS2304: Cannot find name 'Assignment'.
services/firestoreService.materials.ts(394,63): error TS2304: Cannot find name 'Assignment'.
